<html>
<body>
<pre>
<h1>µVision Build Log</h1>
<h2>Project:</h2>
C:\Users\student\Desktop\SusPPSW\Current\GPIO.uvproj
Project File Date:  03/20/2024

<h2>Output:</h2>
Build target 'Target 1'
linking...
Program Size: Code=1212 RO-data=16 RW-data=0 ZI-data=1256  
FromELF: creating hex file...
".\GPIO.axf" - 0 Errors, 0 Warning(s).
Build target 'Target 1'
compiling main.c...
linking...
Program Size: Code=1168 RO-data=16 RW-data=0 ZI-data=1256  
FromELF: creating hex file...
".\GPIO.axf" - 0 Errors, 0 Warning(s).
Build target 'Target 1'
compiling main.c...
linking...
Program Size: Code=1120 RO-data=16 RW-data=0 ZI-data=1256  
FromELF: creating hex file...
".\GPIO.axf" - 0 Errors, 0 Warning(s).
Build target 'Target 1'
linking...
Program Size: Code=1120 RO-data=16 RW-data=0 ZI-data=1256  
FromELF: creating hex file...
".\GPIO.axf" - 0 Errors, 0 Warning(s).
Build target 'Target 1'
compiling main.c...
linking...
Program Size: Code=1136 RO-data=16 RW-data=0 ZI-data=1256  
FromELF: creating hex file...
".\GPIO.axf" - 0 Errors, 0 Warning(s).
Build target 'Target 1'
compiling main.c...
linking...
Program Size: Code=1148 RO-data=16 RW-data=0 ZI-data=1256  
FromELF: creating hex file...
".\GPIO.axf" - 0 Errors, 0 Warning(s).
Build target 'Target 1'
linking...
Program Size: Code=1148 RO-data=16 RW-data=0 ZI-data=1256  
FromELF: creating hex file...
".\GPIO.axf" - 0 Errors, 0 Warning(s).
Build target 'Target 1'
compiling main.c...
linking...
Program Size: Code=1000 RO-data=16 RW-data=0 ZI-data=1256  
FromELF: creating hex file...
".\GPIO.axf" - 0 Errors, 0 Warning(s).
Build target 'Target 1'
compiling main.c...
linking...
Program Size: Code=1652 RO-data=32 RW-data=4 ZI-data=1260  
FromELF: creating hex file...
".\GPIO.axf" - 0 Errors, 0 Warning(s).
Build target 'Target 1'
compiling main.c...
linking...
Program Size: Code=1640 RO-data=32 RW-data=4 ZI-data=1260  
FromELF: creating hex file...
".\GPIO.axf" - 0 Errors, 0 Warning(s).
Build target 'Target 1'
compiling main.c...
linking...
Program Size: Code=1644 RO-data=32 RW-data=4 ZI-data=1260  
FromELF: creating hex file...
".\GPIO.axf" - 0 Errors, 0 Warning(s).
Build target 'Target 1'
compiling main.c...
linking...
Program Size: Code=1736 RO-data=32 RW-data=4 ZI-data=1260  
FromELF: creating hex file...
".\GPIO.axf" - 0 Errors, 0 Warning(s).
Build target 'Target 1'
compiling main.c...
linking...
Program Size: Code=1636 RO-data=32 RW-data=4 ZI-data=1260  
FromELF: creating hex file...
".\GPIO.axf" - 0 Errors, 0 Warning(s).
Build target 'Target 1'
compiling main.c...
linking...
Program Size: Code=1636 RO-data=32 RW-data=4 ZI-data=1260  
FromELF: creating hex file...
".\GPIO.axf" - 0 Errors, 0 Warning(s).
Build target 'Target 1'
compiling main.c...
linking...
Program Size: Code=1200 RO-data=32 RW-data=4 ZI-data=1260  
FromELF: creating hex file...
".\GPIO.axf" - 0 Errors, 0 Warning(s).
Build target 'Target 1'
linking...
Program Size: Code=1200 RO-data=32 RW-data=4 ZI-data=1260  
FromELF: creating hex file...
".\GPIO.axf" - 0 Errors, 0 Warning(s).
Build target 'Target 1'
compiling main.c...
linking...
Program Size: Code=1228 RO-data=32 RW-data=4 ZI-data=1260  
FromELF: creating hex file...
".\GPIO.axf" - 0 Errors, 0 Warning(s).
Build target 'Target 1'
compiling main.c...
linking...
Program Size: Code=1276 RO-data=32 RW-data=4 ZI-data=1260  
FromELF: creating hex file...
".\GPIO.axf" - 0 Errors, 0 Warning(s).
Build target 'Target 1'
compiling main.c...
linking...
Program Size: Code=1276 RO-data=32 RW-data=4 ZI-data=1260  
FromELF: creating hex file...
".\GPIO.axf" - 0 Errors, 0 Warning(s).
Build target 'Target 1'
compiling main.c...
linking...
Program Size: Code=1708 RO-data=32 RW-data=4 ZI-data=1260  
FromELF: creating hex file...
".\GPIO.axf" - 0 Errors, 0 Warning(s).
Build target 'Target 1'
compiling main.c...
linking...
Program Size: Code=1708 RO-data=32 RW-data=4 ZI-data=1260  
FromELF: creating hex file...
".\GPIO.axf" - 0 Errors, 0 Warning(s).
Build target 'Target 1'
compiling main.c...
linking...
Program Size: Code=1276 RO-data=32 RW-data=4 ZI-data=1260  
FromELF: creating hex file...
".\GPIO.axf" - 0 Errors, 0 Warning(s).
Build target 'Target 1'
compiling main.c...
linking...
Program Size: Code=1276 RO-data=32 RW-data=4 ZI-data=1260  
FromELF: creating hex file...
".\GPIO.axf" - 0 Errors, 0 Warning(s).
Build target 'Target 1'
compiling main.c...
linking...
Program Size: Code=1280 RO-data=32 RW-data=8 ZI-data=1256  
FromELF: creating hex file...
".\GPIO.axf" - 0 Errors, 0 Warning(s).
Build target 'Target 1'
compiling main.c...
linking...
Program Size: Code=1280 RO-data=32 RW-data=8 ZI-data=1256  
FromELF: creating hex file...
".\GPIO.axf" - 0 Errors, 0 Warning(s).
Build target 'Target 1'
compiling main.c...
linking...
Program Size: Code=1280 RO-data=32 RW-data=8 ZI-data=1256  
FromELF: creating hex file...
".\GPIO.axf" - 0 Errors, 0 Warning(s).
Build target 'Target 1'
compiling main.c...
linking...
Program Size: Code=1280 RO-data=32 RW-data=8 ZI-data=1256  
FromELF: creating hex file...
".\GPIO.axf" - 0 Errors, 0 Warning(s).
Clean started: Project: 'GPIO'
   deleting intermediate output files for target 'Target 1'
