<html>
<body>
<pre>
<h1>µVision Build Log</h1>
<h2>Project:</h2>
C:\Users\student\Desktop\SusPPSW\Current\GPIO.uvproj
Project File Date:  03/13/2024

<h2>Output:</h2>
Build target 'Target 1'
assembling Startup.s...
compiling main.c...
main.c(21): error:  #165: too few arguments in function call
".\GPIO.axf" - 1 Errors, 0 Warning(s).
Target not created
Build target 'Target 1'
compiling main.c...
linking...
Program Size: Code=512 RO-data=16 RW-data=0 ZI-data=1256  
".\GPIO.axf" - 0 Errors, 0 Warning(s).
Build target 'Target 1'
compiling main.c...
linking...
Program Size: Code=512 RO-data=16 RW-data=0 ZI-data=1256  
".\GPIO.axf" - 0 Errors, 0 Warning(s).
Build target 'Target 1'
compiling main.c...
linking...
Program Size: Code=512 RO-data=16 RW-data=0 ZI-data=1256  
".\GPIO.axf" - 0 Errors, 0 Warning(s).
Build target 'Target 1'
compiling main.c...
linking...
Program Size: Code=512 RO-data=16 RW-data=0 ZI-data=1256  
".\GPIO.axf" - 0 Errors, 0 Warning(s).
Build target 'Target 1'
compiling main.c...
linking...
Program Size: Code=512 RO-data=16 RW-data=0 ZI-data=1256  
".\GPIO.axf" - 0 Errors, 0 Warning(s).
Build target 'Target 1'
compiling main.c...
linking...
Program Size: Code=512 RO-data=16 RW-data=0 ZI-data=1256  
".\GPIO.axf" - 0 Errors, 0 Warning(s).
Build target 'Target 1'
compiling main.c...
linking...
Program Size: Code=508 RO-data=16 RW-data=0 ZI-data=1256  
".\GPIO.axf" - 0 Errors, 0 Warning(s).
Build target 'Target 1'
compiling main.c...
linking...
Program Size: Code=508 RO-data=16 RW-data=0 ZI-data=1256  
".\GPIO.axf" - 0 Errors, 0 Warning(s).
Build target 'Target 1'
compiling main.c...
linking...
Program Size: Code=508 RO-data=16 RW-data=0 ZI-data=1256  
".\GPIO.axf" - 0 Errors, 0 Warning(s).
Build target 'Target 1'
compiling main.c...
linking...
Program Size: Code=508 RO-data=16 RW-data=0 ZI-data=1256  
".\GPIO.axf" - 0 Errors, 0 Warning(s).
Build target 'Target 1'
compiling main.c...
linking...
Program Size: Code=516 RO-data=16 RW-data=0 ZI-data=1256  
".\GPIO.axf" - 0 Errors, 0 Warning(s).
Build target 'Target 1'
compiling main.c...
linking...
Program Size: Code=516 RO-data=16 RW-data=0 ZI-data=1256  
".\GPIO.axf" - 0 Errors, 0 Warning(s).
Build target 'Target 1'
compiling main.c...
linking...
Program Size: Code=516 RO-data=16 RW-data=0 ZI-data=1256  
".\GPIO.axf" - 0 Errors, 0 Warning(s).
Build target 'Target 1'
compiling main.c...
linking...
Program Size: Code=516 RO-data=16 RW-data=0 ZI-data=1256  
".\GPIO.axf" - 0 Errors, 0 Warning(s).
Build target 'Target 1'
compiling main.c...
linking...
Program Size: Code=516 RO-data=16 RW-data=0 ZI-data=1256  
".\GPIO.axf" - 0 Errors, 0 Warning(s).
Build target 'Target 1'
compiling main.c...
linking...
Program Size: Code=516 RO-data=16 RW-data=0 ZI-data=1256  
".\GPIO.axf" - 0 Errors, 0 Warning(s).
Build target 'Target 1'
compiling main.c...
main.c(17): error:  #268: declaration may not appear after executable statement in block
".\GPIO.axf" - 1 Errors, 0 Warning(s).
Target not created
Build target 'Target 1'
compiling main.c...
linking...
Program Size: Code=516 RO-data=16 RW-data=0 ZI-data=1256  
".\GPIO.axf" - 0 Errors, 0 Warning(s).
Build target 'Target 1'
compiling main.c...
linking...
Program Size: Code=516 RO-data=16 RW-data=0 ZI-data=1256  
".\GPIO.axf" - 0 Errors, 0 Warning(s).
Build target 'Target 1'
compiling main.c...
linking...
Program Size: Code=516 RO-data=16 RW-data=0 ZI-data=1256  
".\GPIO.axf" - 0 Errors, 0 Warning(s).
Clean started: Project: 'GPIO'
   deleting intermediate output files for target 'Target 1'
Clean started: Project: 'GPIO'
   deleting intermediate output files for target 'Target 1'
