<html>
<body>
<pre>
<h1>µVision Build Log</h1>
<h2>Project:</h2>
C:\Users\student\Desktop\SusPPSW\Current\automaty.uvproj
Project File Date:  04/24/2024

<h2>Output:</h2>
Build target 'Target 1'
assembling Startup.s...
compiling keyboard.c...
compiling led.c...
compiling main.c...
main.c(15): error:  #268: declaration may not appear after executable statement in block
".\automaty.axf" - 1 Errors, 0 Warning(s).
Target not created
Build target 'Target 1'
compiling keyboard.c...
compiling led.c...
compiling main.c...
linking...
Program Size: Code=1304 RO-data=32 RW-data=4 ZI-data=1260  
FromELF: creating hex file...
".\automaty.axf" - 0 Errors, 0 Warning(s).
Clean started: Project: 'automaty'
   deleting intermediate output files for target 'Target 1'
Build target 'Target 1'
assembling Startup.s...
compiling keyboard.c...
compiling led.c...
compiling main.c...
linking...
Program Size: Code=1384 RO-data=32 RW-data=4 ZI-data=1260  
FromELF: creating hex file...
".\automaty.axf" - 0 Errors, 0 Warning(s).
Build target 'Target 1'
compiling main.c...
linking...
Program Size: Code=1340 RO-data=32 RW-data=4 ZI-data=1260  
FromELF: creating hex file...
".\automaty.axf" - 0 Errors, 0 Warning(s).
Clean started: Project: 'automaty'
   deleting intermediate output files for target 'Target 1'
